QHP 2008 / Testes Reference

Created : 02-Oct-08
Last Modified : 02-Oct-08
Author : Tom Coleman
Copyright : 2008-2008
By : University of Mississippi Medical Center
Solver : DES 2008
Schema : 2008.0

The testes in the male and the ovaries in the female
provide secretion rates for

  Estradiol
  Progesterone
  Testosterone
  Inhibin



End