QHP 2008 / PeripheralResistance.REF

Created : 05-Aug-08
Last Modified : 05-Aug-08
Author : Tom Coleman
Copyright : 2008-2008
By : University of Mississippi Medical Center
Solver : DES 2008
Schema : 2008.0

  TPR = (AP - RAP) / CO

Units are mmHg/(mL/Min).

A typical value is 0.017.

So far, TPR is used for display only, so we'll calculate its value
in wrapup.

End